Analysis & Synthesis report for lab5_top
Mon Aug 10 10:52:44 2026
Quartus Prime Version 16.1.2 Build 203 01/18/2017 SJ Lite Edition


---------------------
; Table of Contents ;
---------------------
  1. Legal Notice
  2. Analysis & Synthesis Summary
  3. Analysis & Synthesis Settings
  4. Parallel Compilation
  5. Analysis & Synthesis Source Files Read
  6. Analysis & Synthesis Resource Usage Summary
  7. Analysis & Synthesis Resource Utilization by Entity
  8. Registers Removed During Synthesis
  9. General Register Statistics
 10. Multiplexer Restructuring Statistics (Restructuring Performed)
 11. Parameter Settings for User Entity Instance: input_iface:IN|vDFF:DATA
 12. Parameter Settings for User Entity Instance: input_iface:IN|vDFF:CTRL
 13. Post-Synthesis Netlist Statistics for Top Partition
 14. Elapsed Time Per Partition
 15. Analysis & Synthesis Messages



----------------
; Legal Notice ;
----------------
Copyright (C) 2017  Intel Corporation. All rights reserved.
Your use of Intel Corporation's design tools, logic functions 
and other software and tools, and its AMPP partner logic 
functions, and any output files from any of the foregoing 
(including device programming or simulation files), and any 
associated documentation or information are expressly subject 
to the terms and conditions of the Intel Program License 
Subscription Agreement, the Intel Quartus Prime License Agreement,
the Intel MegaCore Function License Agreement, or other 
applicable license agreement, including, without limitation, 
that your use is for the sole purpose of programming logic 
devices manufactured by Intel and sold by Intel or its 
authorized distributors.  Please refer to the applicable 
agreement for further details.



+-------------------------------------------------------------------------------+
; Analysis & Synthesis Summary                                                  ;
+---------------------------------+---------------------------------------------+
; Analysis & Synthesis Status     ; Successful - Mon Aug 10 10:52:44 2026       ;
; Quartus Prime Version           ; 16.1.2 Build 203 01/18/2017 SJ Lite Edition ;
; Revision Name                   ; lab5_top                                    ;
; Top-level Entity Name           ; lab5_top                                    ;
; Family                          ; Cyclone V                                   ;
; Logic utilization (in ALMs)     ; N/A                                         ;
; Total registers                 ; 194                                         ;
; Total pins                      ; 67                                          ;
; Total virtual pins              ; 0                                           ;
; Total block memory bits         ; 0                                           ;
; Total DSP Blocks                ; 0                                           ;
; Total HSSI RX PCSs              ; 0                                           ;
; Total HSSI PMA RX Deserializers ; 0                                           ;
; Total HSSI TX PCSs              ; 0                                           ;
; Total HSSI PMA TX Serializers   ; 0                                           ;
; Total PLLs                      ; 0                                           ;
; Total DLLs                      ; 0                                           ;
+---------------------------------+---------------------------------------------+


+---------------------------------------------------------------------------------------------------------------------------+
; Analysis & Synthesis Settings                                                                                             ;
+---------------------------------------------------------------------------------+--------------------+--------------------+
; Option                                                                          ; Setting            ; Default Value      ;
+---------------------------------------------------------------------------------+--------------------+--------------------+
; Device                                                                          ; 5CSEMA5F31C6       ;                    ;
; Top-level entity name                                                           ; lab5_top           ; lab5_top           ;
; Family name                                                                     ; Cyclone V          ; Cyclone V          ;
; Use smart compilation                                                           ; Off                ; Off                ;
; Enable parallel Assembler and TimeQuest Timing Analyzer during compilation      ; On                 ; On                 ;
; Enable compact report table                                                     ; Off                ; Off                ;
; Restructure Multiplexers                                                        ; Auto               ; Auto               ;
; MLAB Add Timing Constraints For Mixed-Port Feed-Through Mode Setting Don't Care ; Off                ; Off                ;
; Create Debugging Nodes for IP Cores                                             ; Off                ; Off                ;
; Preserve fewer node names                                                       ; On                 ; On                 ;
; OpenCore Plus hardware evaluation                                               ; Enable             ; Enable             ;
; Verilog Version                                                                 ; Verilog_2001       ; Verilog_2001       ;
; VHDL Version                                                                    ; VHDL_1993          ; VHDL_1993          ;
; State Machine Processing                                                        ; Auto               ; Auto               ;
; Safe State Machine                                                              ; Off                ; Off                ;
; Extract Verilog State Machines                                                  ; On                 ; On                 ;
; Extract VHDL State Machines                                                     ; On                 ; On                 ;
; Ignore Verilog initial constructs                                               ; Off                ; Off                ;
; Iteration limit for constant Verilog loops                                      ; 5000               ; 5000               ;
; Iteration limit for non-constant Verilog loops                                  ; 250                ; 250                ;
; Add Pass-Through Logic to Inferred RAMs                                         ; On                 ; On                 ;
; Infer RAMs from Raw Logic                                                       ; On                 ; On                 ;
; Parallel Synthesis                                                              ; On                 ; On                 ;
; DSP Block Balancing                                                             ; Auto               ; Auto               ;
; NOT Gate Push-Back                                                              ; On                 ; On                 ;
; Power-Up Don't Care                                                             ; On                 ; On                 ;
; Remove Redundant Logic Cells                                                    ; Off                ; Off                ;
; Remove Duplicate Registers                                                      ; On                 ; On                 ;
; Ignore CARRY Buffers                                                            ; Off                ; Off                ;
; Ignore CASCADE Buffers                                                          ; Off                ; Off                ;
; Ignore GLOBAL Buffers                                                           ; Off                ; Off                ;
; Ignore ROW GLOBAL Buffers                                                       ; Off                ; Off                ;
; Ignore LCELL Buffers                                                            ; Off                ; Off                ;
; Ignore SOFT Buffers                                                             ; On                 ; On                 ;
; Limit AHDL Integers to 32 Bits                                                  ; Off                ; Off                ;
; Optimization Technique                                                          ; Balanced           ; Balanced           ;
; Carry Chain Length                                                              ; 70                 ; 70                 ;
; Auto Carry Chains                                                               ; On                 ; On                 ;
; Auto Open-Drain Pins                                                            ; On                 ; On                 ;
; Perform WYSIWYG Primitive Resynthesis                                           ; Off                ; Off                ;
; Auto ROM Replacement                                                            ; On                 ; On                 ;
; Auto RAM Replacement                                                            ; On                 ; On                 ;
; Auto DSP Block Replacement                                                      ; On                 ; On                 ;
; Auto Shift Register Replacement                                                 ; Auto               ; Auto               ;
; Allow Shift Register Merging across Hierarchies                                 ; Auto               ; Auto               ;
; Auto Clock Enable Replacement                                                   ; On                 ; On                 ;
; Strict RAM Replacement                                                          ; Off                ; Off                ;
; Allow Synchronous Control Signals                                               ; On                 ; On                 ;
; Force Use of Synchronous Clear Signals                                          ; Off                ; Off                ;
; Auto Resource Sharing                                                           ; Off                ; Off                ;
; Allow Any RAM Size For Recognition                                              ; Off                ; Off                ;
; Allow Any ROM Size For Recognition                                              ; Off                ; Off                ;
; Allow Any Shift Register Size For Recognition                                   ; Off                ; Off                ;
; Use LogicLock Constraints during Resource Balancing                             ; On                 ; On                 ;
; Ignore translate_off and synthesis_off directives                               ; Off                ; Off                ;
; Timing-Driven Synthesis                                                         ; On                 ; On                 ;
; Report Parameter Settings                                                       ; On                 ; On                 ;
; Report Source Assignments                                                       ; On                 ; On                 ;
; Report Connectivity Checks                                                      ; On                 ; On                 ;
; Ignore Maximum Fan-Out Assignments                                              ; Off                ; Off                ;
; Synchronization Register Chain Length                                           ; 3                  ; 3                  ;
; PowerPlay Power Optimization During Synthesis                                   ; Normal compilation ; Normal compilation ;
; HDL message level                                                               ; Level2             ; Level2             ;
; Suppress Register Optimization Related Messages                                 ; Off                ; Off                ;
; Number of Removed Registers Reported in Synthesis Report                        ; 5000               ; 5000               ;
; Number of Swept Nodes Reported in Synthesis Report                              ; 5000               ; 5000               ;
; Number of Inverted Registers Reported in Synthesis Report                       ; 100                ; 100                ;
; Clock MUX Protection                                                            ; On                 ; On                 ;
; Auto Gated Clock Conversion                                                     ; Off                ; Off                ;
; Block Design Naming                                                             ; Auto               ; Auto               ;
; SDC constraint protection                                                       ; Off                ; Off                ;
; Synthesis Effort                                                                ; Auto               ; Auto               ;
; Shift Register Replacement - Allow Asynchronous Clear Signal                    ; On                 ; On                 ;
; Pre-Mapping Resynthesis Optimization                                            ; Off                ; Off                ;
; Analysis & Synthesis Message Level                                              ; Medium             ; Medium             ;
; Disable Register Merging Across Hierarchies                                     ; Auto               ; Auto               ;
; Resource Aware Inference For Block RAM                                          ; On                 ; On                 ;
; Automatic Parallel Synthesis                                                    ; On                 ; On                 ;
; Partial Reconfiguration Bitstream ID                                            ; Off                ; Off                ;
+---------------------------------------------------------------------------------+--------------------+--------------------+


+------------------------------------------+
; Parallel Compilation                     ;
+----------------------------+-------------+
; Processors                 ; Number      ;
+----------------------------+-------------+
; Number detected on machine ; 12          ;
; Maximum allowed            ; 12          ;
;                            ;             ;
; Average used               ; 1.00        ;
; Maximum used               ; 12          ;
;                            ;             ;
; Usage by Processor         ; % Time Used ;
;     Processor 1            ; 100.0%      ;
;     Processors 2-12        ;   0.0%      ;
+----------------------------+-------------+


+-----------------------------------------------------------------------------------------------------------------------------------------------------------------------+
; Analysis & Synthesis Source Files Read                                                                                                                                ;
+----------------------------------+-----------------+------------------------------+-------------------------------------------------------------------------+---------+
; File Name with User-Entered Path ; Used in Netlist ; File Type                    ; File Name with Absolute Path                                            ; Library ;
+----------------------------------+-----------------+------------------------------+-------------------------------------------------------------------------+---------+
; ../Lab 5/shifter.sv              ; yes             ; User SystemVerilog HDL File  ; C:/Users/2005B/OneDrive/Desktop/Courses/CPEN 211/Labs/Lab 5/shifter.sv  ;         ;
; ../Lab 5/regfile.sv              ; yes             ; User SystemVerilog HDL File  ; C:/Users/2005B/OneDrive/Desktop/Courses/CPEN 211/Labs/Lab 5/regfile.sv  ;         ;
; ../Lab 5/lab5_top.sv             ; yes             ; User SystemVerilog HDL File  ; C:/Users/2005B/OneDrive/Desktop/Courses/CPEN 211/Labs/Lab 5/lab5_top.sv ;         ;
; ../Lab 5/datapath.sv             ; yes             ; User SystemVerilog HDL File  ; C:/Users/2005B/OneDrive/Desktop/Courses/CPEN 211/Labs/Lab 5/datapath.sv ;         ;
; ../Lab 5/ALU.sv                  ; yes             ; User SystemVerilog HDL File  ; C:/Users/2005B/OneDrive/Desktop/Courses/CPEN 211/Labs/Lab 5/ALU.sv      ;         ;
+----------------------------------+-----------------+------------------------------+-------------------------------------------------------------------------+---------+


+------------------------------------------------------------+
; Analysis & Synthesis Resource Usage Summary                ;
+---------------------------------------------+--------------+
; Resource                                    ; Usage        ;
+---------------------------------------------+--------------+
; Estimate of Logic utilization (ALMs needed) ; 141          ;
;                                             ;              ;
; Combinational ALUT usage for logic          ; 188          ;
;     -- 7 input functions                    ; 0            ;
;     -- 6 input functions                    ; 57           ;
;     -- 5 input functions                    ; 6            ;
;     -- 4 input functions                    ; 57           ;
;     -- <=3 input functions                  ; 68           ;
;                                             ;              ;
; Dedicated logic registers                   ; 194          ;
;                                             ;              ;
; I/O pins                                    ; 67           ;
;                                             ;              ;
; Total DSP Blocks                            ; 0            ;
;                                             ;              ;
; Maximum fan-out node                        ; KEY[0]~input ;
; Maximum fan-out                             ; 177          ;
; Total fan-out                               ; 1524         ;
; Average fan-out                             ; 2.95         ;
+---------------------------------------------+--------------+


+----------------------------------------------------------------------------------------------------------------------------------------------------------------------------------------------------------+
; Analysis & Synthesis Resource Utilization by Entity                                                                                                                                                      ;
+----------------------------+---------------------+---------------------------+-------------------+------------+------+--------------+---------------------------------------+-------------+--------------+
; Compilation Hierarchy Node ; Combinational ALUTs ; Dedicated Logic Registers ; Block Memory Bits ; DSP Blocks ; Pins ; Virtual Pins ; Full Hierarchy Name                   ; Entity Name ; Library Name ;
+----------------------------+---------------------+---------------------------+-------------------+------------+------+--------------+---------------------------------------+-------------+--------------+
; |lab5_top                  ; 188 (0)             ; 194 (0)                   ; 0                 ; 0          ; 67   ; 0            ; |lab5_top                             ; lab5_top    ; work         ;
;    |datapath:DP|           ; 151 (48)            ; 177 (49)                  ; 0                 ; 0          ; 0    ; 0            ; |lab5_top|datapath:DP                 ; datapath    ; work         ;
;       |ALU:U2|             ; 45 (45)             ; 0 (0)                     ; 0                 ; 0          ; 0    ; 0            ; |lab5_top|datapath:DP|ALU:U2          ; ALU         ; work         ;
;       |regfile:REGFILE|    ; 56 (56)             ; 128 (128)                 ; 0                 ; 0          ; 0    ; 0            ; |lab5_top|datapath:DP|regfile:REGFILE ; regfile     ; work         ;
;       |shifter:U1|         ; 2 (2)               ; 0 (0)                     ; 0                 ; 0          ; 0    ; 0            ; |lab5_top|datapath:DP|shifter:U1      ; shifter     ; work         ;
;    |input_iface:IN|        ; 9 (9)               ; 17 (0)                    ; 0                 ; 0          ; 0    ; 0            ; |lab5_top|input_iface:IN              ; input_iface ; work         ;
;       |vDFF:CTRL|          ; 0 (0)               ; 9 (9)                     ; 0                 ; 0          ; 0    ; 0            ; |lab5_top|input_iface:IN|vDFF:CTRL    ; vDFF        ; work         ;
;       |vDFF:DATA|          ; 0 (0)               ; 8 (8)                     ; 0                 ; 0          ; 0    ; 0            ; |lab5_top|input_iface:IN|vDFF:DATA    ; vDFF        ; work         ;
;    |sseg:H0|               ; 7 (7)               ; 0 (0)                     ; 0                 ; 0          ; 0    ; 0            ; |lab5_top|sseg:H0                     ; sseg        ; work         ;
;    |sseg:H1|               ; 7 (7)               ; 0 (0)                     ; 0                 ; 0          ; 0    ; 0            ; |lab5_top|sseg:H1                     ; sseg        ; work         ;
;    |sseg:H2|               ; 7 (7)               ; 0 (0)                     ; 0                 ; 0          ; 0    ; 0            ; |lab5_top|sseg:H2                     ; sseg        ; work         ;
;    |sseg:H3|               ; 7 (7)               ; 0 (0)                     ; 0                 ; 0          ; 0    ; 0            ; |lab5_top|sseg:H3                     ; sseg        ; work         ;
+----------------------------+---------------------+---------------------------+-------------------+------------+------+--------------+---------------------------------------+-------------+--------------+
Note: For table entries with two numbers listed, the numbers in parentheses indicate the number of resources of the given type used by the specific entity alone. The numbers listed outside of parentheses indicate the total resources of the given type used by the specific entity and all of its sub-entities in the hierarchy.


+---------------------------------------------------------------------------------+
; Registers Removed During Synthesis                                              ;
+----------------------------------------+----------------------------------------+
; Register name                          ; Reason for Removal                     ;
+----------------------------------------+----------------------------------------+
; input_iface:IN|vDFF:DATA|Q[8..15]      ; Stuck at GND due to stuck port data_in ;
; datapath:DP|datapath_out[3]            ; Merged with datapath:DP|data_C[3]      ;
; datapath:DP|datapath_out[2]            ; Merged with datapath:DP|data_C[2]      ;
; datapath:DP|datapath_out[1]            ; Merged with datapath:DP|data_C[1]      ;
; datapath:DP|datapath_out[0]            ; Merged with datapath:DP|data_C[0]      ;
; datapath:DP|datapath_out[7]            ; Merged with datapath:DP|data_C[7]      ;
; datapath:DP|datapath_out[6]            ; Merged with datapath:DP|data_C[6]      ;
; datapath:DP|datapath_out[5]            ; Merged with datapath:DP|data_C[5]      ;
; datapath:DP|datapath_out[4]            ; Merged with datapath:DP|data_C[4]      ;
; datapath:DP|datapath_out[11]           ; Merged with datapath:DP|data_C[11]     ;
; datapath:DP|datapath_out[10]           ; Merged with datapath:DP|data_C[10]     ;
; datapath:DP|datapath_out[9]            ; Merged with datapath:DP|data_C[9]      ;
; datapath:DP|datapath_out[8]            ; Merged with datapath:DP|data_C[8]      ;
; datapath:DP|datapath_out[15]           ; Merged with datapath:DP|data_C[15]     ;
; datapath:DP|datapath_out[14]           ; Merged with datapath:DP|data_C[14]     ;
; datapath:DP|datapath_out[13]           ; Merged with datapath:DP|data_C[13]     ;
; datapath:DP|datapath_out[12]           ; Merged with datapath:DP|data_C[12]     ;
; Total Number of Removed Registers = 24 ;                                        ;
+----------------------------------------+----------------------------------------+


+------------------------------------------------------+
; General Register Statistics                          ;
+----------------------------------------------+-------+
; Statistic                                    ; Value ;
+----------------------------------------------+-------+
; Total registers                              ; 194   ;
; Number of registers using Synchronous Clear  ; 0     ;
; Number of registers using Synchronous Load   ; 16    ;
; Number of registers using Asynchronous Clear ; 0     ;
; Number of registers using Asynchronous Load  ; 0     ;
; Number of registers using Clock Enable       ; 193   ;
; Number of registers using Preset             ; 0     ;
+----------------------------------------------+-------+


+-----------------------------------------------------------------------------------------------------------------------------------------------------------------+
; Multiplexer Restructuring Statistics (Restructuring Performed)                                                                                                  ;
+--------------------+-----------+---------------+----------------------+------------------------+------------+---------------------------------------------------+
; Multiplexer Inputs ; Bus Width ; Baseline Area ; Area if Restructured ; Saving if Restructured ; Registered ; Example Multiplexer Output                        ;
+--------------------+-----------+---------------+----------------------+------------------------+------------+---------------------------------------------------+
; 4:1                ; 16 bits   ; 32 LEs        ; 32 LEs               ; 0 LEs                  ; No         ; |lab5_top|datapath:DP|ALU:U2|Mux1                 ;
; 8:1                ; 16 bits   ; 80 LEs        ; 80 LEs               ; 0 LEs                  ; No         ; |lab5_top|datapath:DP|regfile:REGFILE|data_out[2] ;
; 5:1                ; 10 bits   ; 30 LEs        ; 20 LEs               ; 10 LEs                 ; No         ; |lab5_top|datapath:DP|Bin[5]                      ;
; 5:1                ; 4 bits    ; 12 LEs        ; 8 LEs                ; 4 LEs                  ; No         ; |lab5_top|datapath:DP|Bin[1]                      ;
+--------------------+-----------+---------------+----------------------+------------------------+------------+---------------------------------------------------+


+-----------------------------------------------------------------------+
; Parameter Settings for User Entity Instance: input_iface:IN|vDFF:DATA ;
+----------------+-------+----------------------------------------------+
; Parameter Name ; Value ; Type                                         ;
+----------------+-------+----------------------------------------------+
; n              ; 16    ; Signed Integer                               ;
+----------------+-------+----------------------------------------------+
Note: In order to hide this table in the UI and the text report file, please set the "Show Parameter Settings in Synthesis Report" option in "Analysis and Synthesis Settings -> More Settings" to "Off".


+-----------------------------------------------------------------------+
; Parameter Settings for User Entity Instance: input_iface:IN|vDFF:CTRL ;
+----------------+-------+----------------------------------------------+
; Parameter Name ; Value ; Type                                         ;
+----------------+-------+----------------------------------------------+
; n              ; 9     ; Signed Integer                               ;
+----------------+-------+----------------------------------------------+
Note: In order to hide this table in the UI and the text report file, please set the "Show Parameter Settings in Synthesis Report" option in "Analysis and Synthesis Settings -> More Settings" to "Off".


+-----------------------------------------------------+
; Post-Synthesis Netlist Statistics for Top Partition ;
+-----------------------+-----------------------------+
; Type                  ; Count                       ;
+-----------------------+-----------------------------+
; arriav_ff             ; 194                         ;
;     ENA               ; 177                         ;
;     ENA SLD           ; 16                          ;
;     plain             ; 1                           ;
; arriav_lcell_comb     ; 193                         ;
;     arith             ; 17                          ;
;         1 data inputs ; 1                           ;
;         4 data inputs ; 14                          ;
;         5 data inputs ; 2                           ;
;     normal            ; 176                         ;
;         0 data inputs ; 1                           ;
;         1 data inputs ; 4                           ;
;         2 data inputs ; 12                          ;
;         3 data inputs ; 55                          ;
;         4 data inputs ; 43                          ;
;         5 data inputs ; 4                           ;
;         6 data inputs ; 57                          ;
; boundary_port         ; 67                          ;
;                       ;                             ;
; Max LUT depth         ; 6.30                        ;
; Average LUT depth     ; 2.96                        ;
+-----------------------+-----------------------------+


+-------------------------------+
; Elapsed Time Per Partition    ;
+----------------+--------------+
; Partition Name ; Elapsed Time ;
+----------------+--------------+
; Top            ; 00:00:00     ;
+----------------+--------------+


+-------------------------------+
; Analysis & Synthesis Messages ;
+-------------------------------+
Info: *******************************************************************
Info: Running Quartus Prime Analysis & Synthesis
    Info: Version 16.1.2 Build 203 01/18/2017 SJ Lite Edition
    Info: Processing started: Mon Aug 10 10:52:35 2026
Info: Command: quartus_map --read_settings_files=on --write_settings_files=off lab5_top -c lab5_top
Warning (18236): Number of processors has not been specified which may cause overloading on shared machines.  Set the global assignment NUM_PARALLEL_PROCESSORS in your QSF to an appropriate value for best performance.
Info (20030): Parallel compilation is enabled and will use 12 of the 12 processors detected
Info (12021): Found 1 design units, including 1 entities, in source file /users/2005b/onedrive/desktop/courses/cpen 211/labs/lab 5/shifter.sv
    Info (12023): Found entity 1: shifter File: C:/Users/2005B/OneDrive/Desktop/Courses/CPEN 211/Labs/Lab 5/shifter.sv Line: 1
Info (12021): Found 1 design units, including 1 entities, in source file /users/2005b/onedrive/desktop/courses/cpen 211/labs/lab 5/regfile.sv
    Info (12023): Found entity 1: regfile File: C:/Users/2005B/OneDrive/Desktop/Courses/CPEN 211/Labs/Lab 5/regfile.sv Line: 1
Info (12021): Found 4 design units, including 4 entities, in source file /users/2005b/onedrive/desktop/courses/cpen 211/labs/lab 5/lab5_top.sv
    Info (12023): Found entity 1: lab5_top File: C:/Users/2005B/OneDrive/Desktop/Courses/CPEN 211/Labs/Lab 5/lab5_top.sv Line: 57
    Info (12023): Found entity 2: input_iface File: C:/Users/2005B/OneDrive/Desktop/Courses/CPEN 211/Labs/Lab 5/lab5_top.sv Line: 109
    Info (12023): Found entity 3: vDFF File: C:/Users/2005B/OneDrive/Desktop/Courses/CPEN 211/Labs/Lab 5/lab5_top.sv Line: 148
    Info (12023): Found entity 4: sseg File: C:/Users/2005B/OneDrive/Desktop/Courses/CPEN 211/Labs/Lab 5/lab5_top.sv Line: 167
Info (12021): Found 1 design units, including 1 entities, in source file /users/2005b/onedrive/desktop/courses/cpen 211/labs/lab 5/datapath.sv
    Info (12023): Found entity 1: datapath File: C:/Users/2005B/OneDrive/Desktop/Courses/CPEN 211/Labs/Lab 5/datapath.sv Line: 1
Info (12021): Found 1 design units, including 1 entities, in source file /users/2005b/onedrive/desktop/courses/cpen 211/labs/lab 5/alu.sv
    Info (12023): Found entity 1: ALU File: C:/Users/2005B/OneDrive/Desktop/Courses/CPEN 211/Labs/Lab 5/ALU.sv Line: 1
Info (12127): Elaborating entity "lab5_top" for the top level hierarchy
Info (12128): Elaborating entity "input_iface" for hierarchy "input_iface:IN" File: C:/Users/2005B/OneDrive/Desktop/Courses/CPEN 211/Labs/Lab 5/lab5_top.sv Line: 71
Info (12128): Elaborating entity "vDFF" for hierarchy "input_iface:IN|vDFF:DATA" File: C:/Users/2005B/OneDrive/Desktop/Courses/CPEN 211/Labs/Lab 5/lab5_top.sv Line: 123
Info (12128): Elaborating entity "vDFF" for hierarchy "input_iface:IN|vDFF:CTRL" File: C:/Users/2005B/OneDrive/Desktop/Courses/CPEN 211/Labs/Lab 5/lab5_top.sv Line: 129
Info (12128): Elaborating entity "datapath" for hierarchy "datapath:DP" File: C:/Users/2005B/OneDrive/Desktop/Courses/CPEN 211/Labs/Lab 5/lab5_top.sv Line: 97
Info (12128): Elaborating entity "regfile" for hierarchy "datapath:DP|regfile:REGFILE" File: C:/Users/2005B/OneDrive/Desktop/Courses/CPEN 211/Labs/Lab 5/datapath.sv Line: 20
Info (12128): Elaborating entity "shifter" for hierarchy "datapath:DP|shifter:U1" File: C:/Users/2005B/OneDrive/Desktop/Courses/CPEN 211/Labs/Lab 5/datapath.sv Line: 26
Info (12128): Elaborating entity "ALU" for hierarchy "datapath:DP|ALU:U2" File: C:/Users/2005B/OneDrive/Desktop/Courses/CPEN 211/Labs/Lab 5/datapath.sv Line: 34
Info (12128): Elaborating entity "sseg" for hierarchy "sseg:H0" File: C:/Users/2005B/OneDrive/Desktop/Courses/CPEN 211/Labs/Lab 5/lab5_top.sv Line: 100
Warning (13024): Output pins are stuck at VCC or GND
    Warning (13410): Pin "HEX4[0]" is stuck at VCC File: C:/Users/2005B/OneDrive/Desktop/Courses/CPEN 211/Labs/Lab 5/lab5_top.sv Line: 62
    Warning (13410): Pin "HEX4[1]" is stuck at VCC File: C:/Users/2005B/OneDrive/Desktop/Courses/CPEN 211/Labs/Lab 5/lab5_top.sv Line: 62
    Warning (13410): Pin "HEX4[2]" is stuck at VCC File: C:/Users/2005B/OneDrive/Desktop/Courses/CPEN 211/Labs/Lab 5/lab5_top.sv Line: 62
    Warning (13410): Pin "HEX4[3]" is stuck at VCC File: C:/Users/2005B/OneDrive/Desktop/Courses/CPEN 211/Labs/Lab 5/lab5_top.sv Line: 62
    Warning (13410): Pin "HEX4[4]" is stuck at VCC File: C:/Users/2005B/OneDrive/Desktop/Courses/CPEN 211/Labs/Lab 5/lab5_top.sv Line: 62
    Warning (13410): Pin "HEX4[5]" is stuck at VCC File: C:/Users/2005B/OneDrive/Desktop/Courses/CPEN 211/Labs/Lab 5/lab5_top.sv Line: 62
    Warning (13410): Pin "HEX4[6]" is stuck at VCC File: C:/Users/2005B/OneDrive/Desktop/Courses/CPEN 211/Labs/Lab 5/lab5_top.sv Line: 62
    Warning (13410): Pin "HEX5[0]" is stuck at VCC File: C:/Users/2005B/OneDrive/Desktop/Courses/CPEN 211/Labs/Lab 5/lab5_top.sv Line: 62
    Warning (13410): Pin "HEX5[1]" is stuck at VCC File: C:/Users/2005B/OneDrive/Desktop/Courses/CPEN 211/Labs/Lab 5/lab5_top.sv Line: 62
    Warning (13410): Pin "HEX5[2]" is stuck at VCC File: C:/Users/2005B/OneDrive/Desktop/Courses/CPEN 211/Labs/Lab 5/lab5_top.sv Line: 62
    Warning (13410): Pin "HEX5[3]" is stuck at VCC File: C:/Users/2005B/OneDrive/Desktop/Courses/CPEN 211/Labs/Lab 5/lab5_top.sv Line: 62
    Warning (13410): Pin "HEX5[4]" is stuck at VCC File: C:/Users/2005B/OneDrive/Desktop/Courses/CPEN 211/Labs/Lab 5/lab5_top.sv Line: 62
    Warning (13410): Pin "HEX5[5]" is stuck at VCC File: C:/Users/2005B/OneDrive/Desktop/Courses/CPEN 211/Labs/Lab 5/lab5_top.sv Line: 62
    Warning (13410): Pin "HEX5[6]" is stuck at VCC File: C:/Users/2005B/OneDrive/Desktop/Courses/CPEN 211/Labs/Lab 5/lab5_top.sv Line: 62
Info (286030): Timing-Driven Synthesis is running
Info (16010): Generating hard_block partition "hard_block:auto_generated_inst"
    Info (16011): Adding 0 node(s), including 0 DDIO, 0 PLL, 0 transceiver and 0 LCELL
Warning (21074): Design contains 3 input pin(s) that do not drive logic
    Warning (15610): No output dependent on input pin "KEY[1]" File: C:/Users/2005B/OneDrive/Desktop/Courses/CPEN 211/Labs/Lab 5/lab5_top.sv Line: 58
    Warning (15610): No output dependent on input pin "KEY[2]" File: C:/Users/2005B/OneDrive/Desktop/Courses/CPEN 211/Labs/Lab 5/lab5_top.sv Line: 58
    Warning (15610): No output dependent on input pin "KEY[3]" File: C:/Users/2005B/OneDrive/Desktop/Courses/CPEN 211/Labs/Lab 5/lab5_top.sv Line: 58
Info (21057): Implemented 448 device resources after synthesis - the final resource count might be different
    Info (21058): Implemented 15 input pins
    Info (21059): Implemented 52 output pins
    Info (21061): Implemented 381 logic cells
Info: Quartus Prime Analysis & Synthesis was successful. 0 errors, 20 warnings
    Info: Peak virtual memory: 4890 megabytes
    Info: Processing ended: Mon Aug 10 10:52:44 2026
    Info: Elapsed time: 00:00:09
    Info: Total CPU time (on all processors): 00:00:18


